[0.696s] Invoking command in '/home/robot/ros2_ws/src/screwdriver_driver': PYTHONPATH=/home/robot/ros2_ws/build/screwdriver_driver/prefix_override:/usr/lib/python3/dist-packages/colcon_core/task/python/colcon_distutils_commands:/home/robot/ros2_ws/install/screwdriver_driver/lib/python3.12/site-packages:${PYTHONPATH} /usr/bin/python3 -W ignore:setup.py install is deprecated -W ignore:easy_install command is deprecated setup.py egg_info --egg-base ../../build/screwdriver_driver build --build-base /home/robot/ros2_ws/build/screwdriver_driver/build install --record /home/robot/ros2_ws/build/screwdriver_driver/install.log --single-version-externally-managed install_data
[0.927s] running egg_info
[0.944s] writing ../../build/screwdriver_driver/screwdriver_driver.egg-info/PKG-INFO
[0.944s] writing dependency_links to ../../build/screwdriver_driver/screwdriver_driver.egg-info/dependency_links.txt
[0.944s] writing entry points to ../../build/screwdriver_driver/screwdriver_driver.egg-info/entry_points.txt
[0.944s] writing requirements to ../../build/screwdriver_driver/screwdriver_driver.egg-info/requires.txt
[0.944s] writing top-level names to ../../build/screwdriver_driver/screwdriver_driver.egg-info/top_level.txt
[0.978s] reading manifest file '../../build/screwdriver_driver/screwdriver_driver.egg-info/SOURCES.txt'
[0.978s] writing manifest file '../../build/screwdriver_driver/screwdriver_driver.egg-info/SOURCES.txt'
[0.978s] running build
[0.978s] running build_py
[0.979s] running install
[0.984s] running install_lib
[1.004s] running install_data
[1.004s] running install_egg_info
[1.021s] removing '/home/robot/ros2_ws/install/screwdriver_driver/lib/python3.12/site-packages/screwdriver_driver-0.0.0-py3.12.egg-info' (and everything under it)
[1.021s] Copying ../../build/screwdriver_driver/screwdriver_driver.egg-info to /home/robot/ros2_ws/install/screwdriver_driver/lib/python3.12/site-packages/screwdriver_driver-0.0.0-py3.12.egg-info
[1.022s] running install_scripts
[1.142s] Installing kl_tcg_driver script to /home/robot/ros2_ws/install/screwdriver_driver/lib/screwdriver_driver
[1.142s] writing list of installed files to '/home/robot/ros2_ws/build/screwdriver_driver/install.log'
[1.171s] Invoked command in '/home/robot/ros2_ws/src/screwdriver_driver' returned '0': PYTHONPATH=/home/robot/ros2_ws/build/screwdriver_driver/prefix_override:/usr/lib/python3/dist-packages/colcon_core/task/python/colcon_distutils_commands:/home/robot/ros2_ws/install/screwdriver_driver/lib/python3.12/site-packages:${PYTHONPATH} /usr/bin/python3 -W ignore:setup.py install is deprecated -W ignore:easy_install command is deprecated setup.py egg_info --egg-base ../../build/screwdriver_driver build --build-base /home/robot/ros2_ws/build/screwdriver_driver/build install --record /home/robot/ros2_ws/build/screwdriver_driver/install.log --single-version-externally-managed install_data
