[0.689s] Invoking command in '/home/robot/ros2_ws/src/screwdriver_driver': PYTHONPATH=/home/robot/ros2_ws/build/screwdriver_driver/prefix_override:/usr/lib/python3/dist-packages/colcon_core/task/python/colcon_distutils_commands:/home/robot/ros2_ws/install/screwdriver_driver/lib/python3.12/site-packages:${PYTHONPATH} /usr/bin/python3 -W ignore:setup.py install is deprecated -W ignore:easy_install command is deprecated setup.py egg_info --egg-base ../../build/screwdriver_driver build --build-base /home/robot/ros2_ws/build/screwdriver_driver/build install --record /home/robot/ros2_ws/build/screwdriver_driver/install.log --single-version-externally-managed install_data
[0.909s] running egg_info
[0.925s] writing ../../build/screwdriver_driver/screwdriver_driver.egg-info/PKG-INFO
[0.925s] writing dependency_links to ../../build/screwdriver_driver/screwdriver_driver.egg-info/dependency_links.txt
[0.925s] writing entry points to ../../build/screwdriver_driver/screwdriver_driver.egg-info/entry_points.txt
[0.925s] writing requirements to ../../build/screwdriver_driver/screwdriver_driver.egg-info/requires.txt
[0.925s] writing top-level names to ../../build/screwdriver_driver/screwdriver_driver.egg-info/top_level.txt
[0.963s] reading manifest file '../../build/screwdriver_driver/screwdriver_driver.egg-info/SOURCES.txt'
[0.963s] writing manifest file '../../build/screwdriver_driver/screwdriver_driver.egg-info/SOURCES.txt'
[0.963s] running build
[0.963s] running build_py
[0.963s] copying screwdriver_driver/kl_tcg_driver.py -> /home/robot/ros2_ws/build/screwdriver_driver/build/lib/screwdriver_driver
[0.964s] running install
[0.968s] running install_lib
[0.985s] copying /home/robot/ros2_ws/build/screwdriver_driver/build/lib/screwdriver_driver/kl_tcg_driver.py -> /home/robot/ros2_ws/install/screwdriver_driver/lib/python3.12/site-packages/screwdriver_driver
[0.986s] byte-compiling /home/robot/ros2_ws/install/screwdriver_driver/lib/python3.12/site-packages/screwdriver_driver/kl_tcg_driver.py to kl_tcg_driver.cpython-312.pyc
[0.988s] Sorry: IndentationError: expected an indented block after function definition on line 253 (kl_tcg_driver.py, line 254)
[0.988s] running install_data
[0.989s] running install_egg_info
[1.006s] removing '/home/robot/ros2_ws/install/screwdriver_driver/lib/python3.12/site-packages/screwdriver_driver-0.0.0-py3.12.egg-info' (and everything under it)
[1.006s] Copying ../../build/screwdriver_driver/screwdriver_driver.egg-info to /home/robot/ros2_ws/install/screwdriver_driver/lib/python3.12/site-packages/screwdriver_driver-0.0.0-py3.12.egg-info
[1.007s] running install_scripts
[1.126s] Installing kl_tcg_driver script to /home/robot/ros2_ws/install/screwdriver_driver/lib/screwdriver_driver
[1.126s] writing list of installed files to '/home/robot/ros2_ws/build/screwdriver_driver/install.log'
[1.153s] Invoked command in '/home/robot/ros2_ws/src/screwdriver_driver' returned '0': PYTHONPATH=/home/robot/ros2_ws/build/screwdriver_driver/prefix_override:/usr/lib/python3/dist-packages/colcon_core/task/python/colcon_distutils_commands:/home/robot/ros2_ws/install/screwdriver_driver/lib/python3.12/site-packages:${PYTHONPATH} /usr/bin/python3 -W ignore:setup.py install is deprecated -W ignore:easy_install command is deprecated setup.py egg_info --egg-base ../../build/screwdriver_driver build --build-base /home/robot/ros2_ws/build/screwdriver_driver/build install --record /home/robot/ros2_ws/build/screwdriver_driver/install.log --single-version-externally-managed install_data
