[1.192s] Invoking command in '/home/robot/ros2_ws/build/screwdriver_driver': PYTHONPATH=/home/robot/ros2_ws/build/screwdriver_driver/prefix_override:/usr/lib/python3/dist-packages/colcon_core/task/python/colcon_distutils_commands:/home/robot/ros2_ws/install/screwdriver_driver/lib/python3.12/site-packages:${PYTHONPATH} /usr/bin/python3 -W ignore:setup.py install is deprecated -W ignore:easy_install command is deprecated setup.py develop --editable --build-directory /home/robot/ros2_ws/build/screwdriver_driver/build --no-deps symlink_data
[1.540s] running develop
[1.758s] running egg_info
[1.758s] creating screwdriver_driver.egg-info
[1.780s] writing screwdriver_driver.egg-info/PKG-INFO
[1.780s] writing dependency_links to screwdriver_driver.egg-info/dependency_links.txt
[1.780s] writing entry points to screwdriver_driver.egg-info/entry_points.txt
[1.780s] writing requirements to screwdriver_driver.egg-info/requires.txt
[1.781s] writing top-level names to screwdriver_driver.egg-info/top_level.txt
[1.782s] writing manifest file 'screwdriver_driver.egg-info/SOURCES.txt'
[1.823s] reading manifest file 'screwdriver_driver.egg-info/SOURCES.txt'
[1.824s] writing manifest file 'screwdriver_driver.egg-info/SOURCES.txt'
[1.847s] running build_ext
[1.847s] Creating /home/robot/ros2_ws/install/screwdriver_driver/lib/python3.12/site-packages/screwdriver-driver.egg-link (link to .)
[1.848s] Installing kl_tcg_driver script to /home/robot/ros2_ws/install/screwdriver_driver/lib/screwdriver_driver
[1.849s] 
[1.849s] Installed /home/robot/ros2_ws/build/screwdriver_driver
[1.849s] running symlink_data
[1.850s] creating /home/robot/ros2_ws/install/screwdriver_driver/share/ament_index
[1.850s] creating /home/robot/ros2_ws/install/screwdriver_driver/share/ament_index/resource_index
[1.850s] creating /home/robot/ros2_ws/install/screwdriver_driver/share/ament_index/resource_index/packages
[1.851s] symbolically linking /home/robot/ros2_ws/build/screwdriver_driver/resource/screwdriver_driver -> /home/robot/ros2_ws/install/screwdriver_driver/share/ament_index/resource_index/packages
[1.851s] symbolically linking /home/robot/ros2_ws/build/screwdriver_driver/package.xml -> /home/robot/ros2_ws/install/screwdriver_driver/share/screwdriver_driver
[1.888s] Invoked command in '/home/robot/ros2_ws/build/screwdriver_driver' returned '0': PYTHONPATH=/home/robot/ros2_ws/build/screwdriver_driver/prefix_override:/usr/lib/python3/dist-packages/colcon_core/task/python/colcon_distutils_commands:/home/robot/ros2_ws/install/screwdriver_driver/lib/python3.12/site-packages:${PYTHONPATH} /usr/bin/python3 -W ignore:setup.py install is deprecated -W ignore:easy_install command is deprecated setup.py develop --editable --build-directory /home/robot/ros2_ws/build/screwdriver_driver/build --no-deps symlink_data
