[1.358s] Invoking command in '/home/robot/ros2_ws/build/screwdriver_driver': PYTHONPATH=/home/robot/ros2_ws/build/screwdriver_driver/prefix_override:/usr/lib/python3/dist-packages/colcon_core/task/python/colcon_distutils_commands:/home/robot/ros2_ws/install/screwdriver_driver/lib/python3.12/site-packages:${PYTHONPATH} /usr/bin/python3 -W ignore:setup.py install is deprecated -W ignore:easy_install command is deprecated setup.py develop --editable --build-directory /home/robot/ros2_ws/build/screwdriver_driver/build --no-deps symlink_data
[1.803s] running develop
[2.057s] running egg_info
[2.058s] creating screwdriver_driver.egg-info
[2.079s] writing screwdriver_driver.egg-info/PKG-INFO
[2.080s] writing dependency_links to screwdriver_driver.egg-info/dependency_links.txt
[2.080s] writing entry points to screwdriver_driver.egg-info/entry_points.txt
[2.080s] writing requirements to screwdriver_driver.egg-info/requires.txt
[2.080s] writing top-level names to screwdriver_driver.egg-info/top_level.txt
[2.080s] writing manifest file 'screwdriver_driver.egg-info/SOURCES.txt'
[2.127s] reading manifest file 'screwdriver_driver.egg-info/SOURCES.txt'
[2.128s] writing manifest file 'screwdriver_driver.egg-info/SOURCES.txt'
[2.162s] running build_ext
[2.167s] Creating /home/robot/ros2_ws/install/screwdriver_driver/lib/python3.12/site-packages/screwdriver-driver.egg-link (link to .)
[2.169s] Installing kl_tcg_driver script to /home/robot/ros2_ws/install/screwdriver_driver/lib/screwdriver_driver
[2.170s] 
[2.170s] Installed /home/robot/ros2_ws/build/screwdriver_driver
[2.170s] running symlink_data
[2.171s] creating /home/robot/ros2_ws/install/screwdriver_driver/share/ament_index
[2.171s] creating /home/robot/ros2_ws/install/screwdriver_driver/share/ament_index/resource_index
[2.172s] creating /home/robot/ros2_ws/install/screwdriver_driver/share/ament_index/resource_index/packages
[2.172s] symbolically linking /home/robot/ros2_ws/build/screwdriver_driver/resource/screwdriver_driver -> /home/robot/ros2_ws/install/screwdriver_driver/share/ament_index/resource_index/packages
[2.172s] symbolically linking /home/robot/ros2_ws/build/screwdriver_driver/package.xml -> /home/robot/ros2_ws/install/screwdriver_driver/share/screwdriver_driver
[2.214s] Invoked command in '/home/robot/ros2_ws/build/screwdriver_driver' returned '0': PYTHONPATH=/home/robot/ros2_ws/build/screwdriver_driver/prefix_override:/usr/lib/python3/dist-packages/colcon_core/task/python/colcon_distutils_commands:/home/robot/ros2_ws/install/screwdriver_driver/lib/python3.12/site-packages:${PYTHONPATH} /usr/bin/python3 -W ignore:setup.py install is deprecated -W ignore:easy_install command is deprecated setup.py develop --editable --build-directory /home/robot/ros2_ws/build/screwdriver_driver/build --no-deps symlink_data
