[0.747s] Invoking command in '/home/robot/ros2_ws/src/screwdriver_driver': PYTHONPATH=/home/robot/ros2_ws/build/screwdriver_driver/prefix_override:/usr/lib/python3/dist-packages/colcon_core/task/python/colcon_distutils_commands:/home/robot/ros2_ws/install/screwdriver_driver/lib/python3.12/site-packages:${PYTHONPATH} /usr/bin/python3 -W ignore:setup.py install is deprecated -W ignore:easy_install command is deprecated setup.py egg_info --egg-base ../../build/screwdriver_driver build --build-base /home/robot/ros2_ws/build/screwdriver_driver/build install --record /home/robot/ros2_ws/build/screwdriver_driver/install.log --single-version-externally-managed install_data
[0.993s] running egg_info
[0.993s] creating ../../build/screwdriver_driver/screwdriver_driver.egg-info
[1.012s] writing ../../build/screwdriver_driver/screwdriver_driver.egg-info/PKG-INFO
[1.012s] writing dependency_links to ../../build/screwdriver_driver/screwdriver_driver.egg-info/dependency_links.txt
[1.012s] writing entry points to ../../build/screwdriver_driver/screwdriver_driver.egg-info/entry_points.txt
[1.013s] writing requirements to ../../build/screwdriver_driver/screwdriver_driver.egg-info/requires.txt
[1.013s] writing top-level names to ../../build/screwdriver_driver/screwdriver_driver.egg-info/top_level.txt
[1.013s] writing manifest file '../../build/screwdriver_driver/screwdriver_driver.egg-info/SOURCES.txt'
[1.047s] reading manifest file '../../build/screwdriver_driver/screwdriver_driver.egg-info/SOURCES.txt'
[1.047s] writing manifest file '../../build/screwdriver_driver/screwdriver_driver.egg-info/SOURCES.txt'
[1.047s] running build
[1.047s] running build_py
[1.047s] creating /home/robot/ros2_ws/build/screwdriver_driver/build
[1.047s] creating /home/robot/ros2_ws/build/screwdriver_driver/build/lib
[1.047s] creating /home/robot/ros2_ws/build/screwdriver_driver/build/lib/screwdriver_driver
[1.048s] copying screwdriver_driver/__init__.py -> /home/robot/ros2_ws/build/screwdriver_driver/build/lib/screwdriver_driver
[1.048s] copying screwdriver_driver/kl_tcg_driver.py -> /home/robot/ros2_ws/build/screwdriver_driver/build/lib/screwdriver_driver
[1.048s] running install
[1.053s] running install_lib
[1.072s] creating /home/robot/ros2_ws/install/screwdriver_driver/lib/python3.12/site-packages/screwdriver_driver
[1.072s] copying /home/robot/ros2_ws/build/screwdriver_driver/build/lib/screwdriver_driver/__init__.py -> /home/robot/ros2_ws/install/screwdriver_driver/lib/python3.12/site-packages/screwdriver_driver
[1.072s] copying /home/robot/ros2_ws/build/screwdriver_driver/build/lib/screwdriver_driver/kl_tcg_driver.py -> /home/robot/ros2_ws/install/screwdriver_driver/lib/python3.12/site-packages/screwdriver_driver
[1.072s] byte-compiling /home/robot/ros2_ws/install/screwdriver_driver/lib/python3.12/site-packages/screwdriver_driver/__init__.py to __init__.cpython-312.pyc
[1.073s] byte-compiling /home/robot/ros2_ws/install/screwdriver_driver/lib/python3.12/site-packages/screwdriver_driver/kl_tcg_driver.py to kl_tcg_driver.cpython-312.pyc
[1.074s] running install_data
[1.075s] creating /home/robot/ros2_ws/install/screwdriver_driver/share/ament_index
[1.075s] creating /home/robot/ros2_ws/install/screwdriver_driver/share/ament_index/resource_index
[1.075s] creating /home/robot/ros2_ws/install/screwdriver_driver/share/ament_index/resource_index/packages
[1.075s] copying resource/screwdriver_driver -> /home/robot/ros2_ws/install/screwdriver_driver/share/ament_index/resource_index/packages
[1.075s] copying package.xml -> /home/robot/ros2_ws/install/screwdriver_driver/share/screwdriver_driver
[1.075s] running install_egg_info
[1.096s] Copying ../../build/screwdriver_driver/screwdriver_driver.egg-info to /home/robot/ros2_ws/install/screwdriver_driver/lib/python3.12/site-packages/screwdriver_driver-0.0.0-py3.12.egg-info
[1.096s] running install_scripts
[1.238s] Installing kl_tcg_driver script to /home/robot/ros2_ws/install/screwdriver_driver/lib/screwdriver_driver
[1.238s] writing list of installed files to '/home/robot/ros2_ws/build/screwdriver_driver/install.log'
[1.284s] Invoked command in '/home/robot/ros2_ws/src/screwdriver_driver' returned '0': PYTHONPATH=/home/robot/ros2_ws/build/screwdriver_driver/prefix_override:/usr/lib/python3/dist-packages/colcon_core/task/python/colcon_distutils_commands:/home/robot/ros2_ws/install/screwdriver_driver/lib/python3.12/site-packages:${PYTHONPATH} /usr/bin/python3 -W ignore:setup.py install is deprecated -W ignore:easy_install command is deprecated setup.py egg_info --egg-base ../../build/screwdriver_driver build --build-base /home/robot/ros2_ws/build/screwdriver_driver/build install --record /home/robot/ros2_ws/build/screwdriver_driver/install.log --single-version-externally-managed install_data
